// Jest Snapshot v1, https://goo.gl/fbAQLP

exports[`App exists 1`] = `
<div
  className="App"
>
  <div
    className="toaster"
    style={
      Object {
        "display": "none",
      }
    }
  />
  <div
    className="controls"
  >
    <form>
      <div
        className="form-div"
      >
        <input
          autoFocus={true}
          className="number-input"
          name="quantity"
          onChange={[Function]}
          placeholder="Enter number of phone numbers"
          type="number"
        />
        <button
          onClick={[Function]}
          type="submit"
        >
          Generate Numbers
        </button>
      </div>
    </form>
    <button
      onClick={[Function]}
    >
      Toggle Sort Numbers
    </button>
    <button
      onClick={[Function]}
      style={
        Object {
          "background": "#d50000",
        }
      }
    >
      Delete Stored Numbers
    </button>
  </div>
  <label>
    Total: 
    0
  </label>
  <label>
    Max: 
    0
  </label>
  <label>
    Min: 
    0
  </label>
  <div
    className="number-list-div"
  />
</div>
`;
